------------------------------------------------------------
TimeQuest Timing Analyzer Summary
------------------------------------------------------------

Type  : Slow 1200mV 85C Model Setup 'CLK'
Slack : -1.697
TNS   : -14.782

Type  : Slow 1200mV 85C Model Setup 'uart_tx:inst|clock_gen'
Slack : -0.374
TNS   : -1.061

Type  : Slow 1200mV 85C Model Hold 'CLK'
Slack : -0.048
TNS   : -0.048

Type  : Slow 1200mV 85C Model Hold 'uart_tx:inst|clock_gen'
Slack : 0.454
TNS   : 0.000

Type  : Slow 1200mV 85C Model Minimum Pulse Width 'CLK'
Slack : -3.000
TNS   : -16.383

Type  : Slow 1200mV 85C Model Minimum Pulse Width 'uart_tx:inst|clock_gen'
Slack : -1.487
TNS   : -19.331

Type  : Slow 1200mV 0C Model Setup 'CLK'
Slack : -1.509
TNS   : -13.069

Type  : Slow 1200mV 0C Model Setup 'uart_tx:inst|clock_gen'
Slack : -0.238
TNS   : -0.569

Type  : Slow 1200mV 0C Model Hold 'CLK'
Slack : 0.066
TNS   : 0.000

Type  : Slow 1200mV 0C Model Hold 'uart_tx:inst|clock_gen'
Slack : 0.403
TNS   : 0.000

Type  : Slow 1200mV 0C Model Minimum Pulse Width 'CLK'
Slack : -3.000
TNS   : -16.383

Type  : Slow 1200mV 0C Model Minimum Pulse Width 'uart_tx:inst|clock_gen'
Slack : -1.487
TNS   : -19.331

Type  : Fast 1200mV 0C Model Setup 'CLK'
Slack : -0.134
TNS   : -0.974

Type  : Fast 1200mV 0C Model Setup 'uart_tx:inst|clock_gen'
Slack : 0.397
TNS   : 0.000

Type  : Fast 1200mV 0C Model Hold 'CLK'
Slack : -0.187
TNS   : -0.187

Type  : Fast 1200mV 0C Model Hold 'uart_tx:inst|clock_gen'
Slack : 0.187
TNS   : 0.000

Type  : Fast 1200mV 0C Model Minimum Pulse Width 'CLK'
Slack : -3.000
TNS   : -12.610

Type  : Fast 1200mV 0C Model Minimum Pulse Width 'uart_tx:inst|clock_gen'
Slack : -1.000
TNS   : -13.000

------------------------------------------------------------
